06:01:36 **** Incremental Build of configuration Debug for project lab_3 ****
make -j4 all 
arm-none-eabi-gcc "../Core/Src/main.c" -mcpu=cortex-m4 -std=gnu11 -g -DDEBUG -DUSE_HAL_DRIVER -DSTM32F401xE -c -I../Drivers/CMSIS/Include -I../Core/Inc -I../Drivers/STM32F4xx_HAL_Driver/Inc -I../Drivers/CMSIS/Device/ST/STM32F4xx/Include -I../Drivers/STM32F4xx_HAL_Driver/Inc/Legacy -O0 -ffunction-sections -fdata-sections -Wall -fstack-usage -MMD -MP -MF"Core/Src/main.d" -MT"Core/Src/main.o" --specs=nano.specs -mfpu=fpv4-sp-d16 -mfloat-abi=hard -mthumb -o "Core/Src/main.o"
../Core/Src/main.c:49:1: warning: data definition has no type or storage class
   49 | _16_BIT_FLAG = 0xFFFF;
      | ^~~~~~~~~~~~
../Core/Src/main.c:49:1: warning: type defaults to 'int' in declaration of '_16_BIT_FLAG' [-Wimplicit-int]
../Core/Src/main.c: In function 'main':
../Core/Src/main.c:79:9: warning: unused variable 'pot2Voltage' [-Wunused-variable]
   79 |   float pot2Voltage;
      |         ^~~~~~~~~~~
../Core/Src/main.c:78:9: warning: unused variable 'pot1Voltage' [-Wunused-variable]
   78 |   float pot1Voltage;
      |         ^~~~~~~~~~~
../Core/Src/main.c:77:9: warning: variable 'batteryVoltage' set but not used [-Wunused-but-set-variable]
   77 |   float batteryVoltage;
      |         ^~~~~~~~~~~~~~
arm-none-eabi-gcc -o "lab_3.elf" @"objects.list"   -mcpu=cortex-m4 -T"N:\ECE_298\wheelchair_controller\lab_3\lab_3\STM32F401RETX_FLASH.ld" --specs=nosys.specs -Wl,-Map="lab_3.map" -Wl,--gc-sections -static --specs=nano.specs -mfpu=fpv4-sp-d16 -mfloat-abi=hard -mthumb -u _printf_float -u _scanf_float -Wl,--start-group -lc -lm -Wl,--end-group
Finished building target: lab_3.elf
 
arm-none-eabi-objdump -h -S  lab_3.elf  > "lab_3.list"
arm-none-eabi-objcopy  -O ihex  lab_3.elf  "lab_3.hex"
arm-none-eabi-objcopy  -O binary  lab_3.elf  "lab_3.bin"
arm-none-eabi-size   lab_3.elf 
   text	   data	    bss	    dec	    hex	filename
  38704	    492	   1852	  41048	   a058	lab_3.elf
Finished building: default.size.stdout
 
Finished building: lab_3.hex
Finished building: lab_3.bin
 
 
Finished building: lab_3.list
 

06:01:39 Build Finished. 0 errors, 5 warnings. (took 3s.83ms)

