lcd16x2.c:79:17:DWT_Delay_Init	0	static,ignoring_inline_asm
lcd16x2.c:126:13:lcd16x2_rs	0	static
lcd16x2.c:105:22:DWT_Delay_us	24	static
lcd16x2.c:115:13:lcd16x2_enablePulse	16	static
lcd16x2.c:134:13:lcd16x2_write	56	static
lcd16x2.c:171:13:lcd16x2_writeCommand	8	static
lcd16x2.c:189:13:lcd16x2_write4	16	static
lcd16x2.c:210:6:lcd16x2_init_8bits	56	static
lcd16x2.c:257:6:lcd16x2_init_4bits	32	static
lcd16x2.c:300:6:lcd16x2_setCursor	0	static
lcd16x2.c:318:6:lcd16x2_1stLine	0	static
lcd16x2.c:325:6:lcd16x2_2ndLine	0	static
lcd16x2.c:333:6:lcd16x2_twoLines	0	static
lcd16x2.c:338:6:lcd16x2_oneLine	0	static
lcd16x2.c:347:6:lcd16x2_cursorShow	0	static
lcd16x2.c:364:6:lcd16x2_clear	8	static
lcd16x2.c:373:6:lcd16x2_display	0	static
lcd16x2.c:390:6:lcd16x2_shiftRight	16	static
lcd16x2.c:401:6:lcd16x2_shiftLeft	16	static
lcd16x2.c:412:6:lcd16x2_printf	40	static
